// Jest Snapshot v1, https://goo.gl/fbAQLP

exports[`With Snapshot Testing Component shows 'Test text' 1`] = `
<div
  className="tag"
>
  Test text
</div>
`;
